../Core/Src/main.c:66:6:HAL_TIM_PWM_PulseFinishedCallback	16	static
../Core/Src/main.c:115:6:HAL_TIM_PeriodElapsedCallback	16	static
../Core/Src/main.c:147:5:main	8	static
../Core/Src/main.c:236:6:SystemClock_Config	96	static
../Core/Src/main.c:297:13:MX_TIM1_Init	96	static
../Core/Src/main.c:378:13:MX_TIM2_Init	48	static
../Core/Src/main.c:438:13:MX_TIM15_Init	96	static
../Core/Src/main.c:502:13:MX_TIM16_Init	80	static
../Core/Src/main.c:563:13:MX_GPIO_Init	40	static
../Core/Src/main.c:623:6:Error_Handler	4	static,ignoring_inline_asm
